Beng	325	Bengali
Cyrl	220	cyrillique
Grek	200	grec
Latn	215	latin
