aus	Australian languages
nai	North American Indian languages
tut	Altaic languages
