Beng	325	bengal√Æ
Cyrl	220	cyrillique
Grek	200	grec
Latn	215	latin
