aar		aa	Afar
alg			Algonquian languages
bod	tib	bo	Tibetan
heb		he	Hebrew
