tut	Altaic languages
nai	North American Indian languages
aus	Australian languages
