bod	tib	bo	Tibetan
heb		he	Hebrew
alg			Algonquian languages
bod	tib	bo	Tibetan
aar		aa	Afar
