aus	australiennes, langues
nai	North American Indian languages
tut	altaÃ¯ques, langues
