DE-BB	State		Brandenburg
DE-BE	State		Berlin
DE-BW	State		Baden-Württemberg
DE-BY	State		Bayern
DE-HB	State		Bremen
DE-HE	State		Hessen
DE-HH	State		Hamburg
DE-MV	State		Mecklenburg-Vorpommern
DE-NI	State		Niedersachsen
DE-NW	State		Nordrhein-Westfalen
DE-RP	State		Rheinland-Pfalz
DE-SH	State		Schleswig-Holstein
DE-SL	State		Saarland
DE-SN	State		Sachsen
DE-ST	State		Sachsen-Anhalt
DE-TH	State		Thüringen
ES-A	Province	VC	Alicante
ES-AB	Province	CM	Albacete
ES-AL	Province	AN	Almería
ES-AN	Autonomous community		Andalucía
ES-AR	Autonomous community		Aragón
ES-AS	Autonomous community		Asturias, Principado de
ES-AV	Province	CL	Ávila
ES-B	Province	CT	Barcelona
ES-BA	Province	EX	Badajoz
ES-BI	Province	PV	Bizkaia
ES-BU	Province	CL	Burgos
ES-C	Province	GA	A Coruña
ES-CA	Province	AN	Cádiz
ES-CB	Autonomous community		Cantabria
ES-CC	Province	EX	Cáceres
ES-CE	Autonomous city		Ceuta
ES-CL	Autonomous community		Castilla y León
ES-CM	Autonomous community		Castilla-La Mancha
ES-CN	Autonomous community		Canarias
ES-CO	Province	AN	Córdoba
ES-CR	Province	CM	Ciudad Real
ES-CS	Province	VC	Castellón
ES-CT	Autonomous community		Catalunya
ES-CU	Province	CM	Cuenca
ES-EX	Autonomous community		Extremadura
ES-GA	Autonomous community		Galicia
ES-GC	Province	CN	Las Palmas
ES-GI	Province	CT	Girona
ES-GR	Province	AN	Granada
ES-GU	Province	CM	Guadalajara
ES-H	Province	AN	Huelva
ES-HU	Province	AR	Huesca
ES-IB	Autonomous community		Illes Balears
ES-J	Province	AN	Jaén
ES-L	Province	CT	Lleida
ES-LE	Province	CL	León
ES-LO	Province	RI	La Rioja
ES-LU	Province	GA	Lugo
ES-M	Province	MD	Madrid
ES-MA	Province	AN	Málaga
ES-MC	Autonomous community		Murcia, Región de
ES-MD	Autonomous community		Madrid, Comunidad de
ES-ML	Autonomous city		Melilla
ES-MU	Province	MC	Murcia
ES-NA	Province	NC	Navarra / Nafarroa
ES-NC	Autonomous community		Navarra, Comunidad Foral de / Nafarroako Foru Komunitatea
ES-O	Province	AS	Asturias
ES-OR	Province	GA	Ourense
ES-P	Province	CL	Palencia
ES-PM	Province	IB	Balears
ES-PO	Province	GA	Pontevedra
ES-PV	Autonomous community		País Vasco / Euskal Herria
ES-RI	Autonomous community		La Rioja
ES-S	Province	CB	Cantabria
ES-SA	Province	CL	Salamanca
ES-SE	Province	AN	Sevilla
ES-SG	Province	CL	Segovia
ES-SO	Province	CL	Soria
ES-SS	Province	PV	Gipuzkoa
ES-T	Province	CT	Tarragona
ES-TE	Province	AR	Teruel
ES-TF	Province	CN	Santa Cruz de Tenerife
ES-TO	Province	CM	Toledo
ES-V	Province	VC	Valencia / València
ES-VA	Province	CL	Valladolid
ES-VC	Autonomous community		Valenciana, Comunidad / Valenciana, Comunitat
ES-VI	Province	PV	Álava
ES-Z	Province	AR	Zaragoza
ES-ZA	Province	CL	Zamora
FR-01	Metropolitan department	V	Ain
FR-02	Metropolitan department	S	Aisne
FR-03	Metropolitan department	C	Allier
FR-04	Metropolitan department	U	Alpes-de-Haute-Provence
FR-05	Metropolitan department	U	Hautes-Alpes
FR-06	Metropolitan department	U	Alpes-Maritimes
FR-07	Metropolitan department	V	Ardèche
FR-08	Metropolitan department	G	Ardennes
FR-09	Metropolitan department	N	Ariège
FR-10	Metropolitan department	G	Aube
FR-11	Metropolitan department	K	Aude
FR-12	Metropolitan department	N	Aveyron
FR-13	Metropolitan department	U	Bouches-du-Rhône
FR-14	Metropolitan department	P	Calvados
FR-15	Metropolitan department	C	Cantal
FR-16	Metropolitan department	T	Charente
FR-17	Metropolitan department	T	Charente-Maritime
FR-18	Metropolitan department	F	Cher
FR-19	Metropolitan department	L	Corrèze
FR-21	Metropolitan department	D	Côte-d'Or
FR-22	Metropolitan department	E	Côtes-d'Armor
FR-23	Metropolitan department	L	Creuse
FR-24	Metropolitan department	B	Dordogne
FR-25	Metropolitan department	I	Doubs
FR-26	Metropolitan department	V	Drôme
FR-27	Metropolitan department	Q	Eure
FR-28	Metropolitan department	F	Eure-et-Loir
FR-29	Metropolitan department	E	Finistère
FR-2A	Metropolitan department	H	Corse-du-Sud
FR-2B	Metropolitan department	H	Haute-Corse
FR-30	Metropolitan department	K	Gard
FR-31	Metropolitan department	N	Haute-Garonne
FR-32	Metropolitan department	N	Gers
FR-33	Metropolitan department	B	Gironde
FR-34	Metropolitan department	K	Hérault
FR-35	Metropolitan department	E	Ille-et-Vilaine
FR-36	Metropolitan department	F	Indre
FR-37	Metropolitan department	F	Indre-et-Loire
FR-38	Metropolitan department	V	Isère
FR-39	Metropolitan department	I	Jura
FR-40	Metropolitan department	B	Landes
FR-41	Metropolitan department	F	Loir-et-Cher
FR-42	Metropolitan department	V	Loire
FR-43	Metropolitan department	C	Haute-Loire
FR-44	Metropolitan department	R	Loire-Atlantique
FR-45	Metropolitan department	F	Loiret
FR-46	Metropolitan department	N	Lot
FR-47	Metropolitan department	B	Lot-et-Garonne
FR-48	Metropolitan department	K	Lozère
FR-49	Metropolitan department	R	Maine-et-Loire
FR-50	Metropolitan department	P	Manche
FR-51	Metropolitan department	G	Marne
FR-52	Metropolitan department	G	Haute-Marne
FR-53	Metropolitan department	R	Mayenne
FR-54	Metropolitan department	M	Meurthe-et-Moselle
FR-55	Metropolitan department	M	Meuse
FR-56	Metropolitan department	E	Morbihan
FR-57	Metropolitan department	M	Moselle
FR-58	Metropolitan department	D	Nièvre
FR-59	Metropolitan department	O	Nord
FR-60	Metropolitan department	S	Oise
FR-61	Metropolitan department	P	Orne
FR-62	Metropolitan department	O	Pas-de-Calais
FR-63	Metropolitan department	C	Puy-de-Dôme
FR-64	Metropolitan department	B	Pyrénées-Atlantiques
FR-65	Metropolitan department	N	Hautes-Pyrénées
FR-66	Metropolitan department	K	Pyrénées-Orientales
FR-67	Metropolitan department	A	Bas-Rhin
FR-68	Metropolitan department	A	Haut-Rhin
FR-69	Metropolitan department	V	Rhône
FR-70	Metropolitan department	I	Haute-Saône
FR-71	Metropolitan department	D	Saône-et-Loire
FR-72	Metropolitan department	R	Sarthe
FR-73	Metropolitan department	V	Savoie
FR-74	Metropolitan department	V	Haute-Savoie
FR-75	Metropolitan department	J	Paris
FR-76	Metropolitan department	Q	Seine-Maritime
FR-77	Metropolitan department	J	Seine-et-Marne
FR-78	Metropolitan department	J	Yvelines
FR-79	Metropolitan department	T	Deux-Sèvres
FR-80	Metropolitan department	S	Somme
FR-81	Metropolitan department	N	Tarn
FR-82	Metropolitan department	N	Tarn-et-Garonne
FR-83	Metropolitan department	U	Var
FR-84	Metropolitan department	U	Vaucluse
FR-85	Metropolitan department	R	Vendée
FR-86	Metropolitan department	T	Vienne
FR-87	Metropolitan department	L	Haute-Vienne
FR-88	Metropolitan department	M	Vosges
FR-89	Metropolitan department	D	Yonne
FR-90	Metropolitan department	I	Territoire de Belfort
FR-91	Metropolitan department	J	Essonne
FR-92	Metropolitan department	J	Hauts-de-Seine
FR-93	Metropolitan department	J	Seine-Saint-Denis
FR-94	Metropolitan department	J	Val-de-Marne
FR-95	Metropolitan department	J	Val d'Oise
FR-A	Metropolitan region		Alsace
FR-B	Metropolitan region		Aquitaine
FR-BL	Overseas territorial collectivity		Saint-Barthélemy
FR-C	Metropolitan region		Auvergne
FR-CP	Dependency		Clipperton
FR-D	Metropolitan region		Bourgogne
FR-E	Metropolitan region		Bretagne
FR-F	Metropolitan region		Centre
FR-G	Metropolitan region		Champagne-Ardenne
FR-GF	Overseas region/department		Guyane
FR-GP	Overseas region/department		Guadeloupe
FR-H	Metropolitan region		Corse
FR-I	Metropolitan region		Franche-Comté
FR-J	Metropolitan region		Île-de-France
FR-K	Metropolitan region		Languedoc-Roussillon
FR-L	Metropolitan region		Limousin
FR-M	Metropolitan region		Lorraine
FR-MF	Overseas territorial collectivity		Saint-Martin
FR-MQ	Overseas region/department		Martinique
FR-N	Metropolitan region		Midi-Pyrénées
FR-NC	Overseas territorial collectivity		Nouvelle-Calédonie
FR-O	Metropolitan region		Nord - Pas-de-Calais
FR-P	Metropolitan region		Basse-Normandie
FR-PF	Overseas territorial collectivity		Polynésie française
FR-PM	Overseas territorial collectivity		Saint-Pierre-et-Miquelon
FR-Q	Metropolitan region		Haute-Normandie
FR-R	Metropolitan region		Pays de la Loire
FR-RE	Overseas region/department		Réunion
FR-S	Metropolitan region		Picardie
FR-T	Metropolitan region		Poitou-Charentes
FR-TF	Overseas territorial collectivity		Terres australes françaises
FR-U	Metropolitan region		Provence-Alpes-Côte d'Azur
FR-V	Metropolitan region		Rhône-Alpes
FR-WF	Overseas territorial collectivity		Wallis-et-Futuna
FR-YT	Overseas region/department		Mayotte
NO-01	County		Østfold
NO-02	County		Akershus
NO-03	County		Oslo
NO-04	County		Hedmark
NO-05	County		Oppland
NO-06	County		Buskerud
NO-07	County		Vestfold
NO-08	County		Telemark
NO-09	County		Aust-Agder
NO-10	County		Vest-Agder
NO-11	County		Rogaland
NO-12	County		Hordaland
NO-14	County		Sogn og Fjordane
NO-15	County		Møre og Romsdal
NO-16	County		Sør-Trøndelag
NO-17	County		Nord-Trøndelag
NO-18	County		Nordland
NO-19	County		Troms
NO-20	County		Finnmark
NO-21	Arctic Region		Svalbard (Arctic Region)
NO-22	Arctic Region		Jan Mayen (Arctic Region)
