aar		aa	afar
alg			algonquines, langues
bod	tib	bo	tibétain
heb		he	hébreu
