UA	UKR	804	Ukraine
FR	FRA	250	Frankreich
TW	TWN	158	Taiwan, Chinesische Provinz
