-i 3166-1 TV invalid öllö Deu 643 1234 007 URG fra
