isoquery -p data -i 3166-1 --locale de ua frA 158
