aae	I	L			albanais d'Arbëreshë
deu	I	L	de	ger	allemand
nbs	I	L			langue des signes namibienne
