aus	australiennes, langues
nai	indiennes d’Amérique du Nord, langues
tut	altaïques, langues
