EUR	978	Euro
GBP	826	Pound Sterling
INR	356	Indian Rupee
